using System;
using System.Collections.Generic;
using Microsoft.Data.Entity;
using Microsoft.Data.Entity.Metadata;

namespace E2E.Sqlite
{
    public class Users
    {
        public Users()
        {
            Users_Groups = new HashSet<Users_Groups>();
        }

        public string Id { get; set; }

        public virtual ICollection<Users_Groups> Users_Groups { get; set; }
    }
}
