using System;
using Microsoft.EntityFrameworkCore;
using Microsoft.EntityFrameworkCore.Metadata;

namespace E2ETest.Namespace
{
    public partial class AttributesContext : DbContext
    {
        protected override void OnConfiguring(DbContextOptionsBuilder optionsBuilder)
        {
            #warning To protect potentially sensitive information in your connection string, you should move it out of source code. See http://go.microsoft.com/fwlink/?LinkId=723263 for guidance on storing connection strings.
            optionsBuilder.UseSqlServer(@"{{connectionString}}");
        }

        protected override void OnModelCreating(ModelBuilder modelBuilder)
        {
            modelBuilder.Entity<AllDataTypes>(entity =>
            {
                entity.Property(e => e.timestampColumn).ValueGeneratedOnAddOrUpdate();
            });

            modelBuilder.Entity<MultipleFKsDependent>(entity =>
            {
                entity.Property(e => e.MultipleFKsDependentId).ValueGeneratedNever();
            });

            modelBuilder.Entity<MultipleFKsPrincipal>(entity =>
            {
                entity.Property(e => e.MultipleFKsPrincipalId).ValueGeneratedNever();
            });

            modelBuilder.Entity<OneToManyDependent>(entity =>
            {
                entity.HasKey(e => new { e.OneToManyDependentID1, e.OneToManyDependentID2 })
                    .HasName("PK_OneToManyDependent");
            });

            modelBuilder.Entity<OneToManyPrincipal>(entity =>
            {
                entity.HasKey(e => new { e.OneToManyPrincipalID1, e.OneToManyPrincipalID2 })
                    .HasName("PK_OneToManyPrincipal");
            });

            modelBuilder.Entity<OneToOneDependent>(entity =>
            {
                entity.HasKey(e => new { e.OneToOneDependentID1, e.OneToOneDependentID2 })
                    .HasName("PK_OneToOneDependent");
            });

            modelBuilder.Entity<OneToOneFKToUniqueKeyDependent>(entity =>
            {
                entity.HasKey(e => new { e.OneToOneFKToUniqueKeyDependentID1, e.OneToOneFKToUniqueKeyDependentID2 })
                    .HasName("PK_OneToOneFKToUniqueKeyDependent");

                entity.HasIndex(e => new { e.OneToOneFKToUniqueKeyDependentFK1, e.OneToOneFKToUniqueKeyDependentFK2 })
                    .HasName("UK_OneToOneFKToUniqueKeyDependent")
                    .IsUnique();

                entity.HasOne(d => d.OneToOneFKToUniqueKeyDependentFK)
                    .WithOne(p => p.OneToOneFKToUniqueKeyDependent)
                    .HasPrincipalKey<OneToOneFKToUniqueKeyPrincipal>(p => new { p.OneToOneFKToUniqueKeyPrincipalUniqueKey1, p.OneToOneFKToUniqueKeyPrincipalUniqueKey2 })
                    .HasForeignKey<OneToOneFKToUniqueKeyDependent>(d => new { d.OneToOneFKToUniqueKeyDependentFK1, d.OneToOneFKToUniqueKeyDependentFK2 })
                    .OnDelete(DeleteBehavior.Restrict)
                    .HasConstraintName("FK_OneToOneFKToUniqueKeyDependent");
            });

            modelBuilder.Entity<OneToOneFKToUniqueKeyPrincipal>(entity =>
            {
                entity.HasKey(e => new { e.OneToOneFKToUniqueKeyPrincipalID1, e.OneToOneFKToUniqueKeyPrincipalID2 })
                    .HasName("PK_OneToOneFKToUniqueKeyPrincipal");

                entity.HasIndex(e => new { e.OneToOneFKToUniqueKeyPrincipalUniqueKey1, e.OneToOneFKToUniqueKeyPrincipalUniqueKey2 })
                    .HasName("UK_OneToOneFKToUniqueKeyPrincipal")
                    .IsUnique();
            });

            modelBuilder.Entity<OneToOnePrincipal>(entity =>
            {
                entity.HasKey(e => new { e.OneToOnePrincipalID1, e.OneToOnePrincipalID2 })
                    .HasName("PK_OneToOnePrincipal");
            });

            modelBuilder.Entity<OneToOneSeparateFKDependent>(entity =>
            {
                entity.HasKey(e => new { e.OneToOneSeparateFKDependentID1, e.OneToOneSeparateFKDependentID2 })
                    .HasName("PK_OneToOneSeparateFKDependent");

                entity.HasIndex(e => new { e.OneToOneSeparateFKDependentFK1, e.OneToOneSeparateFKDependentFK2 })
                    .HasName("UK_OneToOneSeparateFKDependent")
                    .IsUnique();
            });

            modelBuilder.Entity<OneToOneSeparateFKPrincipal>(entity =>
            {
                entity.HasKey(e => new { e.OneToOneSeparateFKPrincipalID1, e.OneToOneSeparateFKPrincipalID2 })
                    .HasName("PK_OneToOneSeparateFKPrincipal");
            });

            modelBuilder.Entity<PropertyConfiguration>(entity =>
            {
                entity.HasIndex(e => new { e.A, e.B })
                    .HasName("Test_PropertyConfiguration_Index");

                entity.Property(e => e.ComputedDateTimeColumn)
                    .HasComputedColumnSql("getdate()")
                    .ValueGeneratedOnAddOrUpdate();

                entity.Property(e => e.RowversionColumn).ValueGeneratedOnAddOrUpdate();

                entity.Property(e => e.SumOfAAndB)
                    .HasComputedColumnSql("[A]+[B]")
                    .ValueGeneratedOnAddOrUpdate();

                entity.Property(e => e.WithDateDefaultExpression).HasDefaultValueSql("getdate()");

                entity.Property(e => e.WithDateFixedDefault).HasDefaultValueSql("'October 20, 2015 11am'");

                entity.Property(e => e.WithDefaultValue).HasDefaultValueSql("-1");

                entity.Property(e => e.WithGuidDefaultExpression).HasDefaultValueSql("newsequentialid()");

                entity.Property(e => e.WithMoneyDefaultValue).HasDefaultValueSql("0.00");
            });

            modelBuilder.Entity<SelfReferencing>(entity =>
            {
                entity.Property(e => e.SelfReferencingID).ValueGeneratedNever();
            });

            modelBuilder.Entity<Test_Spaces_Keywords_Table>(entity =>
            {
                entity.Property(e => e.Test_Spaces_Keywords_TableID).ValueGeneratedNever();
            });

            modelBuilder.Entity<UnmappablePKColumn>(entity =>
            {
                entity.Property(e => e.UnmappablePKColumnID).ValueGeneratedNever();

                entity.Property(e => e.ValueGeneratedOnAddColumn).ValueGeneratedOnAdd();
            });
        }

        public virtual DbSet<AllDataTypes> AllDataTypes { get; set; }
        public virtual DbSet<MultipleFKsDependent> MultipleFKsDependent { get; set; }
        public virtual DbSet<MultipleFKsPrincipal> MultipleFKsPrincipal { get; set; }
        public virtual DbSet<OneToManyDependent> OneToManyDependent { get; set; }
        public virtual DbSet<OneToManyPrincipal> OneToManyPrincipal { get; set; }
        public virtual DbSet<OneToOneDependent> OneToOneDependent { get; set; }
        public virtual DbSet<OneToOneFKToUniqueKeyDependent> OneToOneFKToUniqueKeyDependent { get; set; }
        public virtual DbSet<OneToOneFKToUniqueKeyPrincipal> OneToOneFKToUniqueKeyPrincipal { get; set; }
        public virtual DbSet<OneToOnePrincipal> OneToOnePrincipal { get; set; }
        public virtual DbSet<OneToOneSeparateFKDependent> OneToOneSeparateFKDependent { get; set; }
        public virtual DbSet<OneToOneSeparateFKPrincipal> OneToOneSeparateFKPrincipal { get; set; }
        public virtual DbSet<PropertyConfiguration> PropertyConfiguration { get; set; }
        public virtual DbSet<SelfReferencing> SelfReferencing { get; set; }
        public virtual DbSet<Test_Spaces_Keywords_Table> Test_Spaces_Keywords_Table { get; set; }
        public virtual DbSet<UnmappablePKColumn> UnmappablePKColumn { get; set; }

        // Unable to generate entity type for table 'dbo.TableWithUnmappablePrimaryKeyColumn'. Please see the warning messages.
    }
}