using System;
using System.Collections.Generic;
using System.ComponentModel.DataAnnotations;
using System.ComponentModel.DataAnnotations.Schema;

namespace E2ETest.Namespace
{
    [Table("UnmappablePKColumn")]
    public partial class UnmappablePkcolumn
    {
        [Column("UnmappablePKColumnID")]
        public int UnmappablePkcolumnId { get; set; }
        [Required]
        [Column("AColumn")]
        [MaxLength(20)]
        public string Acolumn { get; set; }
        public int ValueGeneratedOnAddColumn { get; set; }
    }
}
