using System;
using Microsoft.EntityFrameworkCore;
using Microsoft.EntityFrameworkCore.Metadata;

namespace E2E.Sqlite
{
    public partial class ManyToManyFluentApiContext : DbContext
    {
        public virtual DbSet<Groups> Groups { get; set; }
        public virtual DbSet<Users> Users { get; set; }
        public virtual DbSet<UsersGroups> UsersGroups { get; set; }

        protected override void OnConfiguring(DbContextOptionsBuilder optionsBuilder)
        {
            if (!optionsBuilder.IsConfigured)
            {
                #warning To protect potentially sensitive information in your connection string, you should move it out of source code. See http://go.microsoft.com/fwlink/?LinkId=723263 for guidance on storing connection strings.
                optionsBuilder.UseSqlite(@"Data Source=ManyToManyFluentApi.db;Cache=Private");
            }
        }

        protected override void OnModelCreating(ModelBuilder modelBuilder)
        {
            modelBuilder.Entity<UsersGroups>(entity =>
            {
                entity.ToTable("Users_Groups");

                entity.HasIndex(e => new { e.UserId, e.GroupId })
                    .HasName("sqlite_autoindex_Users_Groups_2")
                    .IsUnique();

                entity.Property(e => e.GroupId).IsRequired();

                entity.Property(e => e.UserId).IsRequired();

                entity.HasOne(d => d.Group)
                    .WithMany(p => p.UsersGroups)
                    .HasForeignKey(d => d.GroupId)
                    .OnDelete(DeleteBehavior.Restrict);

                entity.HasOne(d => d.User)
                    .WithMany(p => p.UsersGroups)
                    .HasForeignKey(d => d.UserId)
                    .OnDelete(DeleteBehavior.Restrict);
            });
        }
    }
}