using System;
using System.Collections.Generic;

namespace E2ETest.Namespace
{
    public partial class OneToOneSeparateFKPrincipal
    {
        public int OneToOneSeparateFKPrincipalID1 { get; set; }
        public int OneToOneSeparateFKPrincipalID2 { get; set; }
        public string SomeOneToOneSeparateFKPrincipalColumn { get; set; }

        public virtual OneToOneSeparateFKDependent OneToOneSeparateFKDependent { get; set; }
    }
}
