using System;
using System.Collections.Generic;
using Microsoft.Data.Entity;
using Microsoft.Data.Entity.Metadata;

namespace E2ETest.Namespace
{
    public class OneToOneDependent
    {
        public int OneToOneDependentID1 { get; set; }
        public int OneToOneDependentID2 { get; set; }
        public string SomeDependentEndColumn { get; set; }

        public virtual OneToOnePrincipal OneToOneDependentNavigation { get; set; }
    }
}
