using System;
using System.Collections.Generic;

namespace E2ETest.Namespace
{
    public partial class AllDataTypes
    {
        public int AllDataTypesId { get; set; }
        public long BigintColumn { get; set; }
        public bool BitColumn { get; set; }
        public decimal DecimalColumn { get; set; }
        public int IntColumn { get; set; }
        public decimal MoneyColumn { get; set; }
        public decimal NumericColumn { get; set; }
        public short SmallintColumn { get; set; }
        public decimal SmallmoneyColumn { get; set; }
        public byte TinyintColumn { get; set; }
        public double FloatColumn { get; set; }
        public float? RealColumn { get; set; }
        public DateTime DateColumn { get; set; }
        public DateTime? DatetimeColumn { get; set; }
        public DateTime? Datetime2Column { get; set; }
        public DateTime? Datetime24Column { get; set; }
        public DateTimeOffset? DatetimeoffsetColumn { get; set; }
        public DateTimeOffset? Datetimeoffset5Column { get; set; }
        public DateTime? SmalldatetimeColumn { get; set; }
        public TimeSpan? TimeColumn { get; set; }
        public TimeSpan? Time4Column { get; set; }
        public string CharColumn { get; set; }
        public string Char10Column { get; set; }
        public string TextColumn { get; set; }
        public string VarcharColumn { get; set; }
        public string Varchar66Column { get; set; }
        public string VarcharMaxColumn { get; set; }
        public string NcharColumn { get; set; }
        public string Nchar99Column { get; set; }
        public string NtextColumn { get; set; }
        public string NvarcharColumn { get; set; }
        public string Nvarchar100Column { get; set; }
        public string NvarcharMaxColumn { get; set; }
        public byte[] BinaryColumn { get; set; }
        public byte[] Binary111Column { get; set; }
        public byte[] ImageColumn { get; set; }
        public byte[] VarbinaryColumn { get; set; }
        public byte[] Varbinary123Column { get; set; }
        public byte[] VarbinaryMaxColumn { get; set; }
        public byte[] TimestampColumn { get; set; }
        public Guid? UniqueidentifierColumn { get; set; }
        public string XmlColumn { get; set; }
        public string TypeAliasColumn { get; set; }
        public byte[] BinaryVaryingColumn { get; set; }
        public byte[] BinaryVarying133Column { get; set; }
        public byte[] BinaryVaryingMaxColumn { get; set; }
        public string CharVaryingColumn { get; set; }
        public string CharVarying144Column { get; set; }
        public string CharVaryingMaxColumn { get; set; }
        public string CharacterColumn { get; set; }
        public string Character155Column { get; set; }
        public string CharacterVaryingColumn { get; set; }
        public string CharacterVarying166Column { get; set; }
        public string CharacterVaryingMaxColumn { get; set; }
        public string NationalCharacterColumn { get; set; }
        public string NationalCharacter171Column { get; set; }
        public string NationalCharVaryingColumn { get; set; }
        public string NationalCharVarying177Column { get; set; }
        public string NationalCharVaryingMaxColumn { get; set; }
        public string NationalCharacterVaryingColumn { get; set; }
        public string NationalCharacterVarying188Column { get; set; }
        public string NationalCharacterVaryingMaxColumn { get; set; }
    }
}
