using Microsoft.Data.Entity;
using Microsoft.Data.Entity.Metadata;

namespace E2ETest.Namespace
{
    public partial class AttributesContext : DbContext
    {
        protected override void OnConfiguring(DbContextOptionsBuilder options)
        {
            options.UseSqlServer(@"Data Source=(LocalDB)\MSSQLLocalDB;Initial Catalog=SqlServerReverseEngineerTestE2E;Integrated Security=True;MultipleActiveResultSets=True;Connect Timeout=30");
        }

        protected override void OnModelCreating(ModelBuilder modelBuilder)
        {
            modelBuilder.Entity<AllDataTypes>(entity =>
            {
                entity.Property(e => e.datetime2Column).HasColumnType("datetime2(7)");

                entity.Property(e => e.decimalColumn).HasColumnType("decimal(18, 0)");

                entity.Property(e => e.numericColumn).HasColumnType("numeric(18, 0)");

                entity.Property(e => e.timestampColumn).ValueGeneratedOnAddOrUpdate();
            });

            modelBuilder.Entity<OneToManyDependent>(entity =>
            {
                entity.HasKey(e => new { e.OneToManyDependentID1, e.OneToManyDependentID2 });
            });

            modelBuilder.Entity<OneToManyPrincipal>(entity =>
            {
                entity.HasKey(e => new { e.OneToManyPrincipalID1, e.OneToManyPrincipalID2 });
            });

            modelBuilder.Entity<OneToOneDependent>(entity =>
            {
                entity.HasKey(e => new { e.OneToOneDependentID1, e.OneToOneDependentID2 });
            });

            modelBuilder.Entity<OneToOneFKToUniqueKeyDependent>(entity =>
            {
                entity.HasAlternateKey(e => new { e.OneToOneFKToUniqueKeyDependentFK1, e.OneToOneFKToUniqueKeyDependentFK2 });

                entity.HasKey(e => new { e.OneToOneFKToUniqueKeyDependentID1, e.OneToOneFKToUniqueKeyDependentID2 });

                entity.HasOne(d => d.OneToOneFKToUniqueKeyDependentFK).WithOne(p => p.OneToOneFKToUniqueKeyDependent).PrincipalKey<OneToOneFKToUniqueKeyPrincipal>(p => new { p.OneToOneFKToUniqueKeyPrincipalUniqueKey1, p.OneToOneFKToUniqueKeyPrincipalUniqueKey2 }).ForeignKey<OneToOneFKToUniqueKeyDependent>(d => new { d.OneToOneFKToUniqueKeyDependentFK1, d.OneToOneFKToUniqueKeyDependentFK2 });
            });

            modelBuilder.Entity<OneToOneFKToUniqueKeyPrincipal>(entity =>
            {
                entity.HasKey(e => new { e.OneToOneFKToUniqueKeyPrincipalID1, e.OneToOneFKToUniqueKeyPrincipalID2 });

                entity.HasAlternateKey(e => new { e.OneToOneFKToUniqueKeyPrincipalUniqueKey1, e.OneToOneFKToUniqueKeyPrincipalUniqueKey2 });
            });

            modelBuilder.Entity<OneToOnePrincipal>(entity =>
            {
                entity.HasKey(e => new { e.OneToOnePrincipalID1, e.OneToOnePrincipalID2 });
            });

            modelBuilder.Entity<OneToOneSeparateFKDependent>(entity =>
            {
                entity.HasAlternateKey(e => new { e.OneToOneSeparateFKDependentFK1, e.OneToOneSeparateFKDependentFK2 });

                entity.HasKey(e => new { e.OneToOneSeparateFKDependentID1, e.OneToOneSeparateFKDependentID2 });
            });

            modelBuilder.Entity<OneToOneSeparateFKPrincipal>(entity =>
            {
                entity.HasKey(e => new { e.OneToOneSeparateFKPrincipalID1, e.OneToOneSeparateFKPrincipalID2 });
            });

            modelBuilder.Entity<PropertyConfiguration>(entity =>
            {
                entity.Property(e => e.PropertyConfigurationID).ValueGeneratedNever();

                entity.Property(e => e.RowversionColumn).ValueGeneratedOnAddOrUpdate();

                entity.Property(e => e.SumOfAAndB).ValueGeneratedOnAddOrUpdate();

                entity.Property(e => e.WithDateDefaultExpression)
                    .HasColumnType("datetime2(7)")
                    .HasDefaultValueSql("getdate()");

                entity.Property(e => e.WithDefaultValue).HasDefaultValue(-1);

                entity.Property(e => e.WithGuidDefaultExpression).HasDefaultValueSql("newsequentialid()");

                entity.Property(e => e.WithMoneyDefaultValue).HasDefaultValue(0.00m);
            });

            modelBuilder.Entity<ReferredToByTableWithUnmappablePrimaryKeyColumn>(entity =>
            {
                entity.Property(e => e.ReferredToByTableWithUnmappablePrimaryKeyColumnID).ValueGeneratedNever();

                entity.Property(e => e.ValueGeneratedOnAddColumn).ValueGeneratedOnAdd();
            });

            modelBuilder.Entity<SelfReferencing>(entity =>
            {
                entity.Property(e => e.SelfReferencingID).ValueGeneratedNever();
            });

            modelBuilder.Entity<Test_Spaces_Keywords_Table>(entity =>
            {
                entity.Property(e => e.Test_Spaces_Keywords_TableID).ValueGeneratedNever();
            });
        }

        public virtual DbSet<AllDataTypes> AllDataTypes { get; set; }
        public virtual DbSet<OneToManyDependent> OneToManyDependent { get; set; }
        public virtual DbSet<OneToManyPrincipal> OneToManyPrincipal { get; set; }
        public virtual DbSet<OneToOneDependent> OneToOneDependent { get; set; }
        public virtual DbSet<OneToOneFKToUniqueKeyDependent> OneToOneFKToUniqueKeyDependent { get; set; }
        public virtual DbSet<OneToOneFKToUniqueKeyPrincipal> OneToOneFKToUniqueKeyPrincipal { get; set; }
        public virtual DbSet<OneToOnePrincipal> OneToOnePrincipal { get; set; }
        public virtual DbSet<OneToOneSeparateFKDependent> OneToOneSeparateFKDependent { get; set; }
        public virtual DbSet<OneToOneSeparateFKPrincipal> OneToOneSeparateFKPrincipal { get; set; }
        public virtual DbSet<PropertyConfiguration> PropertyConfiguration { get; set; }
        public virtual DbSet<ReferredToByTableWithUnmappablePrimaryKeyColumn> ReferredToByTableWithUnmappablePrimaryKeyColumn { get; set; }
        public virtual DbSet<SelfReferencing> SelfReferencing { get; set; }
        public virtual DbSet<Test_Spaces_Keywords_Table> Test_Spaces_Keywords_Table { get; set; }
    }
}