using System;
using System.Collections.Generic;

namespace E2ETest.Namespace
{
    public partial class ReferredToByTableWithUnmappablePrimaryKeyColumn
    {
        public int ReferredToByTableWithUnmappablePrimaryKeyColumnID { get; set; }
        public string AColumn { get; set; }
        public int ValueGeneratedOnAddColumn { get; set; }
    }
}
