using Microsoft.Data.Entity;
using Microsoft.Data.Entity.Metadata;

namespace E2E.Sqlite
{
    public partial class ModelContext : DbContext
    {
        protected override void OnConfiguring(DbContextOptionsBuilder options)
        {
            options.UseSqlite(@"Data Source=SimpleReveng.db;Cache=Private");
        }

        protected override void OnModelCreating(ModelBuilder modelBuilder)
        {
            modelBuilder.Entity<child>(entity =>
            {
                entity.Property(e => e.Id).HasColumnType("INT");

                entity.Property(e => e.ParentId)
                    .Required()
                    .HasColumnType("INT");

                entity.Reference(d => d.Parent).InverseCollection(p => p.child).ForeignKey(d => d.ParentId);
            });

            modelBuilder.Entity<parent>(entity =>
            {
                entity.Property(e => e.Id).HasColumnType("INT");
            });
        }

        public virtual DbSet<child> child { get; set; }
        public virtual DbSet<parent> parent { get; set; }
    }
}