using System;
using System.Collections.Generic;
using System.ComponentModel.DataAnnotations;
using System.ComponentModel.DataAnnotations.Schema;

namespace E2ETest.Namespace
{
    public partial class AllDataTypes
    {
        public int AllDataTypesID { get; set; }
        public long bigintColumn { get; set; }
        public bool bitColumn { get; set; }
        public decimal decimalColumn { get; set; }
        public int intColumn { get; set; }
        public decimal moneyColumn { get; set; }
        public decimal numericColumn { get; set; }
        public short smallintColumn { get; set; }
        public decimal smallmoneyColumn { get; set; }
        public byte tinyintColumn { get; set; }
        public double floatColumn { get; set; }
        public float? realColumn { get; set; }
        public DateTime dateColumn { get; set; }
        public DateTime? datetimeColumn { get; set; }
        public DateTime? datetime2Column { get; set; }
        public DateTime? datetime24Column { get; set; }
        public DateTimeOffset? datetimeoffsetColumn { get; set; }
        public DateTimeOffset? datetimeoffset5Column { get; set; }
        public DateTime? smalldatetimeColumn { get; set; }
        public TimeSpan? timeColumn { get; set; }
        public TimeSpan? time4Column { get; set; }
        public string charColumn { get; set; }
        public string char10Column { get; set; }
        public string textColumn { get; set; }
        public string varcharColumn { get; set; }
        public string varchar66Column { get; set; }
        public string varcharMaxColumn { get; set; }
        public string ncharColumn { get; set; }
        public string nchar99Column { get; set; }
        public string ntextColumn { get; set; }
        [MaxLength(1)]
        public string nvarcharColumn { get; set; }
        [MaxLength(100)]
        public string nvarchar100Column { get; set; }
        public string nvarcharMaxColumn { get; set; }
        public byte[] binaryColumn { get; set; }
        public byte[] binary111Column { get; set; }
        public byte[] imageColumn { get; set; }
        [MaxLength(1)]
        public byte[] varbinaryColumn { get; set; }
        [MaxLength(123)]
        public byte[] varbinary123Column { get; set; }
        public byte[] varbinaryMaxColumn { get; set; }
        public byte[] timestampColumn { get; set; }
        public Guid? uniqueidentifierColumn { get; set; }
        public string typeAliasColumn { get; set; }
        [MaxLength(1)]
        public byte[] binaryVaryingColumn { get; set; }
        [MaxLength(133)]
        public byte[] binaryVarying133Column { get; set; }
        public byte[] binaryVaryingMaxColumn { get; set; }
        public string charVaryingColumn { get; set; }
        public string charVarying144Column { get; set; }
        public string charVaryingMaxColumn { get; set; }
        public string characterColumn { get; set; }
        public string character155Column { get; set; }
        public string characterVaryingColumn { get; set; }
        public string characterVarying166Column { get; set; }
        public string characterVaryingMaxColumn { get; set; }
        public string nationalCharacterColumn { get; set; }
        public string nationalCharacter171Column { get; set; }
        [MaxLength(1)]
        public string nationalCharVaryingColumn { get; set; }
        [MaxLength(177)]
        public string nationalCharVarying177Column { get; set; }
        public string nationalCharVaryingMaxColumn { get; set; }
        [MaxLength(1)]
        public string nationalCharacterVaryingColumn { get; set; }
        [MaxLength(188)]
        public string nationalCharacterVarying188Column { get; set; }
        public string nationalCharacterVaryingMaxColumn { get; set; }
    }
}
